// Jest Snapshot v1, https://goo.gl/fbAQLP

exports[`Testando App Component Componente renderiza corretamente 1`] = `ShallowWrapper {}`;
